# 起動順の観測ログ (一時的な診断出力の抜粋。log-sanitize.py 通過済み。置換対象なし)
# 列: 時刻 プロセス 起動からの経過 事象 cond=<提示先の条件> scenes=[<シーンの状態>/win=<window 数>/key=<key window の有無>]
20:23:04.380 KsDialogsSample -0.0ms appInit cond=false scenes=[]
20:23:04.439 KsDialogsSample 59.7ms windowDidBecomeKey cond=false scenes=[unattached/win=1/key=true]
20:23:04.440 KsDialogsSample 60.5ms sceneWillConnect cond=false scenes=[unattached/win=1/key=true]
20:23:04.440 KsDialogsSample 60.8ms sceneWillEnterForeground cond=false scenes=[unattached/win=1/key=true]
20:23:04.480 KsDialogsSample 100.3ms onAppear cond=false scenes=[fgInactive/win=1/key=true]
20:23:04.493 KsDialogsSample 113.5ms condChanged cond=false scenes=[fgInactive/win=1/key=true]
20:23:04.494 KsDialogsSample 114.9ms autoPlayStart cond=false scenes=[fgInactive/win=1/key=true]
20:23:04.531 KsDialogsSample 151.7ms sceneDidActivate cond=true scenes=[fgActive/win=1/key=true]
20:23:04.532 KsDialogsSample 152.7ms condChanged cond=true scenes=[fgActive/win=1/key=true]
20:23:11.303 KsDialogsSample -0.0ms appInit cond=false scenes=[]
20:23:11.355 KsDialogsSample 52.3ms windowDidBecomeKey cond=false scenes=[unattached/win=1/key=true]
20:23:11.356 KsDialogsSample 53.1ms sceneWillConnect cond=false scenes=[unattached/win=1/key=true]
20:23:11.356 KsDialogsSample 53.4ms sceneWillEnterForeground cond=false scenes=[unattached/win=1/key=true]
20:23:11.393 KsDialogsSample 89.7ms onAppear cond=false scenes=[fgInactive/win=1/key=true]
20:23:11.402 KsDialogsSample 99.2ms condChanged cond=false scenes=[fgInactive/win=1/key=true]
20:23:11.403 KsDialogsSample 100.4ms autoPlayStart cond=false scenes=[fgInactive/win=1/key=true]
20:23:11.458 KsDialogsSample 154.7ms sceneDidActivate cond=true scenes=[fgActive/win=1/key=true]
20:23:11.459 KsDialogsSample 156.3ms condChanged cond=true scenes=[fgActive/win=1/key=true]
20:23:18.247 KsDialogsSample -0.0ms appInit cond=false scenes=[]
20:23:18.300 KsDialogsSample 53.9ms windowDidBecomeKey cond=false scenes=[unattached/win=1/key=true]
20:23:18.301 KsDialogsSample 54.6ms sceneWillConnect cond=false scenes=[unattached/win=1/key=true]
20:23:18.301 KsDialogsSample 54.9ms sceneWillEnterForeground cond=false scenes=[unattached/win=1/key=true]
20:23:18.337 KsDialogsSample 90.5ms onAppear cond=false scenes=[fgInactive/win=1/key=true]
20:23:18.345 KsDialogsSample 98.4ms condChanged cond=false scenes=[fgInactive/win=1/key=true]
20:23:18.348 KsDialogsSample 101.4ms autoPlayStart cond=false scenes=[fgInactive/win=1/key=true]
20:23:18.401 KsDialogsSample 154.2ms sceneDidActivate cond=true scenes=[fgActive/win=1/key=true]
20:23:18.401 KsDialogsSample 155.0ms condChanged cond=true scenes=[fgActive/win=1/key=true]
20:23:24.956 KsDialogsSample 6709.8ms sceneWillDeactivate cond=true scenes=[fgActive/win=1/key=true]
20:23:24.959 KsDialogsSample 6712.3ms condChanged cond=false scenes=[fgInactive/win=1/key=true]
20:23:25.197 KsDialogsSampleKmp -0.0ms appInit cond=false scenes=[]
20:23:25.264 KsDialogsSampleKmp 67.5ms windowDidBecomeKey cond=false scenes=[unattached/win=1/key=true]
20:23:25.265 KsDialogsSampleKmp 68.2ms sceneWillConnect cond=false scenes=[unattached/win=1/key=true]
20:23:25.265 KsDialogsSampleKmp 68.7ms sceneWillEnterForeground cond=false scenes=[unattached/win=1/key=true]
20:23:25.309 KsDialogsSampleKmp 112.7ms onAppear cond=false scenes=[fgInactive/win=1/key=true]
20:23:25.318 KsDialogsSampleKmp 121.3ms condChanged cond=false scenes=[fgInactive/win=1/key=true]
20:23:25.319 KsDialogsSampleKmp 122.9ms autoPlayStart cond=false scenes=[fgInactive/win=1/key=true]
20:23:25.520 KsDialogsSampleKmp 323.0ms sceneDidActivate cond=true scenes=[fgActive/win=1/key=true]
20:23:25.520 KsDialogsSampleKmp 323.8ms condChanged cond=true scenes=[fgActive/win=1/key=true]
20:23:25.852 KsDialogsSample 7606.0ms sceneDidEnterBackground cond=false scenes=[bg/win=1/key=true]
20:23:32.082 KsDialogsSampleKmp -0.0ms appInit cond=false scenes=[]
20:23:32.138 KsDialogsSampleKmp 57.1ms windowDidBecomeKey cond=false scenes=[unattached/win=1/key=true]
20:23:32.139 KsDialogsSampleKmp 57.8ms sceneWillConnect cond=false scenes=[unattached/win=1/key=true]
20:23:32.139 KsDialogsSampleKmp 58.2ms sceneWillEnterForeground cond=false scenes=[unattached/win=1/key=true]
20:23:32.178 KsDialogsSampleKmp 96.4ms onAppear cond=false scenes=[fgInactive/win=1/key=true]
20:23:32.186 KsDialogsSampleKmp 105.0ms condChanged cond=false scenes=[fgInactive/win=1/key=true]
20:23:32.188 KsDialogsSampleKmp 106.4ms autoPlayStart cond=false scenes=[fgInactive/win=1/key=true]
20:23:32.234 KsDialogsSampleKmp 153.1ms sceneDidActivate cond=true scenes=[fgActive/win=1/key=true]
20:23:32.235 KsDialogsSampleKmp 153.8ms condChanged cond=true scenes=[fgActive/win=1/key=true]
20:23:39.043 KsDialogsSampleKmp -0.0ms appInit cond=false scenes=[]
20:23:39.097 KsDialogsSampleKmp 55.1ms windowDidBecomeKey cond=false scenes=[unattached/win=1/key=true]
20:23:39.098 KsDialogsSampleKmp 55.8ms sceneWillConnect cond=false scenes=[unattached/win=1/key=true]
20:23:39.098 KsDialogsSampleKmp 56.1ms sceneWillEnterForeground cond=false scenes=[unattached/win=1/key=true]
20:23:39.132 KsDialogsSampleKmp 90.1ms onAppear cond=false scenes=[fgInactive/win=1/key=true]
20:23:39.140 KsDialogsSampleKmp 97.8ms condChanged cond=false scenes=[fgInactive/win=1/key=true]
20:23:39.142 KsDialogsSampleKmp 100.3ms autoPlayStart cond=false scenes=[fgInactive/win=1/key=true]
20:23:39.190 KsDialogsSampleKmp 148.0ms sceneDidActivate cond=true scenes=[fgActive/win=1/key=true]
20:23:39.191 KsDialogsSampleKmp 148.8ms condChanged cond=true scenes=[fgActive/win=1/key=true]
20:23:59.790 KsDialogsSampleKmp 20747.9ms sceneWillDeactivate cond=true scenes=[fgActive/win=1/key=true]
20:23:59.792 KsDialogsSampleKmp 20750.1ms condChanged cond=false scenes=[fgInactive/win=1/key=true]
20:24:00.003 KsDialogsSample -0.0ms appInit cond=false scenes=[]
20:24:00.004 KsDialogsSample 2.1ms requestAuthorization cond=false scenes=[]
20:24:00.073 KsDialogsSample 70.4ms windowDidBecomeKey cond=false scenes=[unattached/win=1/key=true]
20:24:00.073 KsDialogsSample 71.3ms sceneWillConnect cond=false scenes=[unattached/win=1/key=true]
20:24:00.074 KsDialogsSample 71.6ms sceneWillEnterForeground cond=false scenes=[unattached/win=1/key=true]
20:24:00.111 KsDialogsSample 108.5ms onAppear cond=false scenes=[fgInactive/win=1/key=true]
20:24:00.121 KsDialogsSample 119.3ms condChanged cond=false scenes=[fgInactive/win=1/key=true]
20:24:00.124 KsDialogsSample 121.8ms autoPlayStart cond=false scenes=[fgInactive/win=1/key=true]
20:24:00.332 KsDialogsSample 330.3ms sceneDidActivate cond=true scenes=[fgActive/win=1/key=true]
20:24:00.336 KsDialogsSample 333.6ms condChanged cond=true scenes=[fgActive/win=1/key=true]
20:24:00.685 KsDialogsSampleKmp 21643.3ms sceneDidEnterBackground cond=false scenes=[bg/win=1/key=true]
20:24:00.872 KsDialogsSample 870.2ms sceneWillDeactivate cond=true scenes=[fgActive/win=1/key=true]
20:24:00.875 KsDialogsSample 873.3ms condChanged cond=false scenes=[fgInactive/win=1/key=true]
20:24:58.032 KsDialogsSample 58029.6ms sceneDidEnterBackground cond=false scenes=[bg/win=1/key=true]
20:24:58.927 KsDialogsSample 58924.7ms sceneWillEnterForeground cond=false scenes=[bg/win=1/key=true]
20:25:26.428 KsDialogsSample -0.0ms appInit cond=false scenes=[]
20:25:26.485 KsDialogsSample 58.0ms windowDidBecomeKey cond=false scenes=[unattached/win=1/key=true]
20:25:26.486 KsDialogsSample 58.8ms sceneWillConnect cond=false scenes=[unattached/win=1/key=true]
20:25:26.486 KsDialogsSample 59.1ms sceneWillEnterForeground cond=false scenes=[unattached/win=1/key=true]
20:25:26.526 KsDialogsSample 98.7ms onAppear cond=false scenes=[fgInactive/win=1/key=true]
20:25:26.537 KsDialogsSample 110.2ms condChanged cond=false scenes=[fgInactive/win=1/key=true]
20:25:26.538 KsDialogsSample 111.1ms autoPlayStart cond=false scenes=[fgInactive/win=1/key=true]
20:25:31.354 KsDialogsSample 4926.5ms sceneDidEnterBackground cond=false scenes=[bg/win=1/key=true]
20:25:33.754 KsDialogsSample 7326.9ms sceneWillEnterForeground cond=false scenes=[bg/win=1/key=true]
20:25:38.820 KsDialogsSampleKmp -0.0ms appInit cond=false scenes=[]
20:25:38.872 KsDialogsSampleKmp 52.5ms windowDidBecomeKey cond=false scenes=[unattached/win=1/key=true]
20:25:38.873 KsDialogsSampleKmp 53.2ms sceneWillConnect cond=false scenes=[unattached/win=1/key=true]
20:25:38.873 KsDialogsSampleKmp 53.5ms sceneWillEnterForeground cond=false scenes=[unattached/win=1/key=true]
20:25:38.909 KsDialogsSampleKmp 89.3ms onAppear cond=false scenes=[fgInactive/win=1/key=true]
20:25:38.917 KsDialogsSampleKmp 97.3ms condChanged cond=false scenes=[fgInactive/win=1/key=true]
20:25:38.920 KsDialogsSampleKmp 99.6ms autoPlayStart cond=false scenes=[fgInactive/win=1/key=true]
20:25:39.485 KsDialogsSample 13057.5ms sceneDidEnterBackground cond=false scenes=[bg/win=1/key=true]
20:25:43.753 KsDialogsSampleKmp 4932.5ms sceneDidEnterBackground cond=false scenes=[bg/win=1/key=true]
20:25:46.117 KsDialogsSampleKmp 7297.0ms sceneWillEnterForeground cond=false scenes=[bg/win=1/key=true]
