# 許可ダイアログを閉じた後の起動順の観測ログ (一時的な診断出力の抜粋。log-sanitize.py 通過済み)
# 列: 時刻 プロセス 起動からの経過 事象 cond=<提示先の条件> scenes=[<シーンの状態>/win=<window 数>/key=<key window の有無>]
# 各回とも Simulator を shutdown / boot し、Sample を入れ直してから起動した。diagCall は、許可ダイアログでシーンが非アクティブになってから 0.5 秒後に各機能を呼んだ時点
# 回 1: 機能を呼ばない。許可ダイアログはタップしていない (10 秒後の Simulator の画面撮影の直後に許可の結果が届いた)
01:44:43.905 KsDialogsSample -0.0ms appInit cond=false scenes=[]
01:44:43.907 KsDialogsSample 1.9ms requestAuthorization cond=false scenes=[]
01:44:43.983 KsDialogsSample 79.0ms windowDidBecomeKey cond=false scenes=[unattached/win=1/key=true]
01:44:43.984 KsDialogsSample 80.2ms sceneWillConnect cond=false scenes=[unattached/win=1/key=true]
01:44:43.985 KsDialogsSample 80.6ms sceneWillEnterForeground cond=false scenes=[unattached/win=1/key=true]
01:44:44.048 KsDialogsSample 144.1ms sceneDidActivate cond=true scenes=[fgActive/win=1/key=true]
01:44:44.052 KsDialogsSample 147.5ms condChanged cond=true scenes=[fgActive/win=1/key=true]
01:44:44.409 KsDialogsSample 504.3ms sceneWillDeactivate cond=true scenes=[fgActive/win=1/key=true]
01:44:44.411 KsDialogsSample 506.5ms condChanged cond=false scenes=[fgInactive/win=1/key=true]
01:44:53.975 KsDialogsSample 10070.4ms authorizationResult granted=true cond=false scenes=[fgInactive/win=1/key=true]
01:44:54.365 KsDialogsSample 10460.3ms sceneDidActivate cond=true scenes=[fgActive/win=1/key=true]
01:44:54.367 KsDialogsSample 10462.7ms condChanged cond=true scenes=[fgActive/win=1/key=true]
# 回 2: 非アクティブの最中に Toast (duration 60000 ms) を呼び、約 15 秒後にシミュレータ制御ツールで「許可」をタップ
01:45:59.905 KsDialogsSample 0.0ms appInit cond=false scenes=[]
01:45:59.907 KsDialogsSample 1.9ms requestAuthorization cond=false scenes=[]
01:45:59.976 KsDialogsSample 70.9ms windowDidBecomeKey cond=false scenes=[unattached/win=1/key=true]
01:45:59.977 KsDialogsSample 72.0ms sceneWillConnect cond=false scenes=[unattached/win=1/key=true]
01:45:59.977 KsDialogsSample 72.4ms sceneWillEnterForeground cond=false scenes=[unattached/win=1/key=true]
01:46:00.054 KsDialogsSample 148.9ms sceneDidActivate cond=true scenes=[fgActive/win=1/key=true]
01:46:00.056 KsDialogsSample 151.5ms condChanged cond=true scenes=[fgActive/win=1/key=true]
01:46:00.385 KsDialogsSample 479.8ms sceneWillDeactivate cond=true scenes=[fgActive/win=1/key=true]
01:46:00.387 KsDialogsSample 481.9ms condChanged cond=false scenes=[fgInactive/win=1/key=true]
01:46:00.888 KsDialogsSample 983.1ms diagCall kind=toast cond=false scenes=[fgInactive/win=1/key=true]
01:46:14.968 KsDialogsSample 15061.0ms authorizationResult granted=true cond=false scenes=[fgInactive/win=1/key=true]
01:46:15.392 KsDialogsSample 15487.5ms sceneDidActivate cond=true scenes=[fgActive/win=1/key=true]
01:46:15.416 KsDialogsSample 15510.6ms condChanged cond=true scenes=[fgActive/win=1/key=true]
# 回 3: 非アクティブの最中に Loading (スコープ形) を始め、約 13 秒後に「許可」をタップ
01:47:21.864 KsDialogsSample -0.0ms appInit cond=false scenes=[]
01:47:21.866 KsDialogsSample 2.6ms requestAuthorization cond=false scenes=[]
01:47:21.965 KsDialogsSample 101.0ms windowDidBecomeKey cond=false scenes=[unattached/win=1/key=true]
01:47:21.966 KsDialogsSample 102.0ms sceneWillConnect cond=false scenes=[unattached/win=1/key=true]
01:47:21.966 KsDialogsSample 102.8ms sceneWillEnterForeground cond=false scenes=[unattached/win=1/key=true]
01:47:22.063 KsDialogsSample 199.7ms sceneDidActivate cond=true scenes=[fgActive/win=1/key=true]
01:47:22.066 KsDialogsSample 202.4ms condChanged cond=true scenes=[fgActive/win=1/key=true]
01:47:22.240 KsDialogsSample 376.6ms sceneWillDeactivate cond=true scenes=[fgActive/win=1/key=true]
01:47:22.243 KsDialogsSample 379.4ms condChanged cond=false scenes=[fgInactive/win=1/key=true]
01:47:22.745 KsDialogsSample 881.5ms diagCall kind=loading cond=false scenes=[fgInactive/win=1/key=true]
01:47:22.750 KsDialogsSample 886.2ms loadingActionStart cond=false scenes=[fgInactive/win=1/key=true]
01:47:35.041 KsDialogsSample 13176.5ms authorizationResult granted=true cond=false scenes=[fgInactive/win=1/key=true]
01:47:35.431 KsDialogsSample 13567.8ms sceneDidActivate cond=true scenes=[fgActive/win=1/key=true]
01:47:35.449 KsDialogsSample 13585.8ms condChanged cond=true scenes=[fgActive/win=1/key=true]
# 回 4: 非アクティブの最中に Dialog (Basic Dialog と同じ ViewModel) を呼び、約 10 秒後に「許可」をタップ
01:48:39.649 KsDialogsSample -0.0ms appInit cond=false scenes=[]
01:48:39.651 KsDialogsSample 1.8ms requestAuthorization cond=false scenes=[]
01:48:39.716 KsDialogsSample 66.9ms windowDidBecomeKey cond=false scenes=[unattached/win=1/key=true]
01:48:39.717 KsDialogsSample 67.9ms sceneWillConnect cond=false scenes=[unattached/win=1/key=true]
01:48:39.718 KsDialogsSample 68.5ms sceneWillEnterForeground cond=false scenes=[unattached/win=1/key=true]
01:48:39.804 KsDialogsSample 154.6ms sceneDidActivate cond=true scenes=[fgActive/win=1/key=true]
01:48:39.807 KsDialogsSample 157.8ms condChanged cond=true scenes=[fgActive/win=1/key=true]
01:48:40.158 KsDialogsSample 509.1ms sceneWillDeactivate cond=true scenes=[fgActive/win=1/key=true]
01:48:40.161 KsDialogsSample 511.5ms condChanged cond=false scenes=[fgInactive/win=1/key=true]
01:48:40.661 KsDialogsSample 1012.0ms diagCall kind=dialog cond=false scenes=[fgInactive/win=1/key=true]
01:48:49.766 KsDialogsSample 10116.4ms authorizationResult granted=true cond=false scenes=[fgInactive/win=1/key=true]
01:48:50.162 KsDialogsSample 10513.1ms sceneDidActivate cond=true scenes=[fgActive/win=1/key=true]
01:48:50.164 KsDialogsSample 10514.7ms condChanged cond=true scenes=[fgActive/win=1/key=true]
# 参考 (回 1〜4 の前の予備観測。Simulator を再起動せず Sample の入れ直しだけで起動): 非アクティブの最中に Loading を始め、約 0.3 秒間隔で 8 コマ撮影した。タップはしていない (最後のコマの後に許可の結果が届いた)。order-alert-during-loading.png はこの回の 8 コマ目
01:40:33.849 KsDialogsSample -0.0ms appInit cond=false scenes=[]
01:40:33.854 KsDialogsSample 4.8ms requestAuthorization cond=false scenes=[]
01:40:33.944 KsDialogsSample 94.7ms windowDidBecomeKey cond=false scenes=[unattached/win=1/key=true]
01:40:33.945 KsDialogsSample 95.8ms sceneWillConnect cond=false scenes=[unattached/win=1/key=true]
01:40:33.945 KsDialogsSample 96.3ms sceneWillEnterForeground cond=false scenes=[unattached/win=1/key=true]
01:40:34.038 KsDialogsSample 189.1ms sceneDidActivate cond=true scenes=[fgActive/win=1/key=true]
01:40:34.039 KsDialogsSample 190.5ms condChanged cond=true scenes=[fgActive/win=1/key=true]
01:40:34.238 KsDialogsSample 389.0ms sceneWillDeactivate cond=true scenes=[fgActive/win=1/key=true]
01:40:34.240 KsDialogsSample 391.4ms condChanged cond=false scenes=[fgInactive/win=1/key=true]
01:40:34.743 KsDialogsSample 893.8ms diagCall kind=loading cond=false scenes=[fgInactive/win=1/key=true]
01:40:34.744 KsDialogsSample 895.2ms loadingActionStart cond=false scenes=[fgInactive/win=1/key=true]
01:40:41.237 KsDialogsSample 7387.8ms authorizationResult granted=true cond=false scenes=[fgInactive/win=1/key=true]
01:40:41.630 KsDialogsSample 7781.3ms sceneDidActivate cond=true scenes=[fgActive/win=1/key=true]
01:40:41.650 KsDialogsSample 7801.2ms condChanged cond=true scenes=[fgActive/win=1/key=true]
